Right Unified Diff:
NameTime "lao" "2022-10-15 16:06:41.833561900 -0400"
NameTime "tzu" "2022-10-15 16:06:40.376539700 -0400"
UniHunk
StartLen 1 11
StartLen 1 14
Nothing
Deleted:
"The Way that can be told of is not the eternal Way;\r"
"The name that can be named is not the eternal name.\r"
Context:
"The Nameless is the origin of Heaven and Earth;\r"
Deleted:
"The Named is the mother of all things.\r"
Added:
"The named is the mother of all things.\r"
"\r"
Context:
"Therefore let there always be non-being,\r"
Added:
"\r"
Context:
"  so we may see their subtlety,\r"
"And let there always be being,\r"
"  so we may see their outcome.\r"
"The two are the same,\r"
"But after they are produced,\r"
"  they have different names.\r"
Added:
"They both may be called deep and profound.\r"
"Deeper and more profound,\r"
"The door of all subtleties!\r"
None

