Right Unified Diff:
NameTime "fileSamples/noEndOfLineBoth-a.txt" "2022-11-12 20:42:38.529512200 -0400"
NameTime "fileSamples/noEndOfLineBoth-b.txt" "2022-11-12 20:42:36.700929000 -0400"
UniHunk
StartLen 1 2
StartLen 1 2
Nothing
Deleted:
"a first line changed\r"
Added:
"A first line changed\r"
Context:
"a second line without endofline"
BothNote

